apiVersion: apps/v1
kind: Deployment
metadata:
  name: hcloud-cloud-controller-manager
  namespace: kube-system
spec:
  replicas: 1
  revisionHistoryLimit: 2
  selector:
    matchLabels:
      app: hcloud-cloud-controller-manager
  template:
    metadata:
      labels:
        app: hcloud-cloud-controller-manager
    spec:
      containers:
      - command:
        - /bin/hcloud-cloud-controller-manager
        - --cloud-provider=hcloud
        - --leader-elect=false
        - --allow-untagged-cloud
        env:
        - name: HCLOUD_NETWORK
          valueFrom:
            secretKeyRef:
              key: network
              name: hcloud
        - name: NODE_NAME
          valueFrom:
            fieldRef:
              fieldPath: spec.nodeName
        - name: HCLOUD_TOKEN
          valueFrom:
            secretKeyRef:
              key: token
              name: hcloud
        image: docker.io/hetznercloud/hcloud-cloud-controller-manager:v1.13.2
        name: hcloud-cloud-controller-manager
        resources:
          requests:
            cpu: 100m
            memory: 50Mi
      dnsPolicy: Default
      priorityClassName: system-cluster-critical
      serviceAccountName: cloud-controller-manager
      tolerations:
      - effect: NoSchedule
        key: node.cloudprovider.kubernetes.io/uninitialized
        value: "true"
      - key: CriticalAddonsOnly
        operator: Exists
      - effect: NoSchedule
        key: node-role.kubernetes.io/master
        operator: Exists
      - effect: NoSchedule
        key: node-role.kubernetes.io/control-plane
        operator: Exists
      - effect: NoSchedule
        key: node.kubernetes.io/not-ready
